// Jest Snapshot v1, https://goo.gl/fbAQLP

exports[`Testing of Message matches snapshot 1`] = `
<View>
  <Text />
</View>
`;
